
DB21007E  End of file reached while reading the command.
