
CNT        
-----------
          1

  1 record(s) selected.


