
CNT        
-----------
          0

  1 record(s) selected.


