DB20000I  The SQL command completed successfully.

