
GAMEID      AVG_POINTS 
----------- -----------
       1001          29
       1002          28
       1003          26

  3 record(s) selected.


