
GAMEID      AVG        
----------- -----------

  0 record(s) selected.


