SQL0100W  No row was found for FETCH, UPDATE or DELETE; or the result of a 
query is an empty table.  SQLSTATE=02000

